// Jest Snapshot v1, https://goo.gl/fbAQLP

exports[`Pruebas en el componente <AboutScreen /> Debe de mostrarse correctamente 1`] = `
<div>
  <h1>
    AboutScreen
  </h1>
  <hr />
  <button
    className="btn btn-warning"
    onClick={[Function]}
  >
    Logout
  </button>
</div>
`;
