// Jest Snapshot v1, https://goo.gl/fbAQLP

exports[`Pruebas en el componente <HomeScreen /> Debe de mostrarse correctamente 1`] = `
<div>
  <h1>
    HomeScreen
  </h1>
  <hr />
  <pre>
    {
  "name": "Philip",
  "email": "perez@gmail.com"
}
  </pre>
</div>
`;
